Loading module Cryptol
Loading module Cryptol
Loading interface module BInterface
Loading module BFunctor
Loading module A
Loading module Test
()
