Loading module Cryptol
Loading module Cryptol
Loading module PrimeEC
{x = 0, y = 0, z = 1}
ec_mult`{13} : Z 13 -> ProjectivePoint 13 -> ProjectivePoint 13
{x = 0, y = 0, z = 1}

[error] at issue1675.icry:5:13--5:15:
  â€¢ Unsolvable constraint:
      13 >= 14
        arising from
        use of literal or demoted expression
        at issue1675.icry:5:13--5:15
