Loading module Cryptol
Loading module Cryptol
Loading module Main

[error] at CaseAmbiguousType.cry:2:3--5:0:
  Type mismatch:
    Expected an enum type, but
    the inferred type (?a) is ambiguous.
    Try giving the expression an explicit type.
    When checking cased expression
  where
  ?a is the type of 'e' at CaseAmbiguousType.cry:1:3--1:4
