Loading module Cryptol
Loading module Cryptol
Loading module Float
3
3
4
4
3
3
4
4
4
4
